\BOOKMARK [0][-]{chapter*.3}{\376\377\000R\000\351\000s\000u\000m\000\351}{}% 1
\BOOKMARK [0][-]{chapter*.4}{\376\377\000A\000b\000s\000t\000r\000a\000c\000t}{}% 2
\BOOKMARK [0][-]{chapter*.8}{\376\377\000L\000i\000s\000t\000e\000\040\000d\000e\000s\000\040\000A\000b\000r\000\351\000v\000i\000a\000t\000i\000o\000n\000s}{}% 3
\BOOKMARK [0][-]{chapter*.9}{\376\377\000I\000n\000t\000r\000o\000d\000u\000c\000t\000i\000o\000n\000\040\000G\000\351\000n\000\351\000r\000a\000l\000e}{}% 4
\BOOKMARK [0][-]{chapter.1}{\376\377\000C\000a\000d\000r\000e\000\040\000G\000\351\000n\000\351\000r\000a\000l\000\040\000d\000u\000\040\000P\000r\000o\000j\000e\000t}{}% 5
\BOOKMARK [1][-]{section.1.1}{\376\377\000P\000r\000\351\000s\000e\000n\000t\000a\000t\000i\000o\000n\000\040\000d\000e\000\040\000l\000'\000O\000r\000g\000a\000n\000i\000s\000m\000e\000\040\000d\000'\000A\000c\000c\000u\000e\000i\000l}{chapter.1}% 6
\BOOKMARK [2][-]{subsection.1.1.1}{\376\377\000I\000d\000e\000n\000t\000i\000t\000\351\000\040\000e\000t\000\040\000D\000o\000m\000a\000i\000n\000e\000s\000\040\000d\000'\000A\000c\000t\000i\000v\000i\000t\000\351}{section.1.1}% 7
\BOOKMARK [2][-]{subsection.1.1.2}{\376\377\000O\000r\000g\000a\000n\000i\000g\000r\000a\000m\000m\000e\000\040\000d\000e\000\040\000l\000'\000E\000n\000t\000r\000e\000p\000r\000i\000s\000e}{section.1.1}% 8
\BOOKMARK [2][-]{subsection.1.1.3}{\376\377\000C\000a\000d\000r\000e\000\040\000I\000n\000s\000t\000i\000t\000u\000t\000i\000o\000n\000n\000e\000l\000\040\000d\000u\000\040\000S\000t\000a\000g\000e}{section.1.1}% 9
\BOOKMARK [1][-]{section.1.2}{\376\377\000C\000o\000n\000t\000e\000x\000t\000e\000\040\000I\000n\000d\000u\000s\000t\000r\000i\000e\000l\000\040\000e\000t\000\040\000M\000o\000t\000i\000v\000a\000t\000i\000o\000n\000s}{chapter.1}% 10
\BOOKMARK [1][-]{section.1.3}{\376\377\000\311\000t\000u\000d\000e\000\040\000d\000e\000\040\000l\000'\000E\000x\000i\000s\000t\000a\000n\000t\000\040\000e\000t\000\040\000A\000n\000a\000l\000y\000s\000e\000\040\000C\000r\000i\000t\000i\000q\000u\000e}{chapter.1}% 11
\BOOKMARK [2][-]{subsection.1.3.1}{\376\377\000P\000r\000o\000c\000\351\000d\000u\000r\000e\000\040\000d\000'\000A\000u\000d\000i\000t\000\040\000T\000r\000a\000d\000i\000t\000i\000o\000n\000n\000e\000l\000l\000e}{section.1.3}% 12
\BOOKMARK [2][-]{subsection.1.3.2}{\376\377\000L\000i\000m\000i\000t\000e\000s\000\040\000d\000e\000\040\000l\000a\000\040\000D\000\351\000m\000a\000r\000c\000h\000e\000\040\000T\000r\000a\000d\000i\000t\000i\000o\000n\000n\000e\000l\000l\000e}{section.1.3}% 13
\BOOKMARK [2][-]{subsection.1.3.3}{\376\377\000C\000o\000m\000p\000a\000r\000a\000t\000i\000f\000\040\000d\000e\000s\000\040\000S\000o\000l\000u\000t\000i\000o\000n\000s\000\040\000E\000x\000i\000s\000t\000a\000n\000t\000e\000s\000\040\000s\000u\000r\000\040\000l\000e\000\040\000M\000a\000r\000c\000h\000\351}{section.1.3}% 14
\BOOKMARK [1][-]{section.1.4}{\376\377\000P\000r\000o\000b\000l\000\351\000m\000a\000t\000i\000q\000u\000e}{chapter.1}% 15
\BOOKMARK [1][-]{section.1.5}{\376\377\000S\000o\000l\000u\000t\000i\000o\000n\000\040\000P\000r\000o\000p\000o\000s\000\351\000e}{chapter.1}% 16
\BOOKMARK [1][-]{section.1.6}{\376\377\000O\000b\000j\000e\000c\000t\000i\000f\000s\000\040\000d\000u\000\040\000P\000r\000o\000j\000e\000t}{chapter.1}% 17
\BOOKMARK [2][-]{subsection.1.6.1}{\376\377\000O\000b\000j\000e\000c\000t\000i\000f\000\040\000G\000\351\000n\000\351\000r\000a\000l}{section.1.6}% 18
\BOOKMARK [2][-]{subsection.1.6.2}{\376\377\000O\000b\000j\000e\000c\000t\000i\000f\000s\000\040\000S\000p\000\351\000c\000i\000f\000i\000q\000u\000e\000s}{section.1.6}% 19
\BOOKMARK [1][-]{section.1.7}{\376\377\000P\000\351\000r\000i\000m\000\350\000t\000r\000e\000\040\000d\000u\000\040\000P\000r\000o\000j\000e\000t\000\040\000\050\000S\000c\000o\000p\000e\000\051}{chapter.1}% 20
\BOOKMARK [2][-]{subsection.1.7.1}{\376\377\000P\000\351\000r\000i\000m\000\350\000t\000r\000e\000\040\000I\000n\000c\000l\000u\000s}{section.1.7}% 21
\BOOKMARK [2][-]{subsection.1.7.2}{\376\377\000P\000\351\000r\000i\000m\000\350\000t\000r\000e\000\040\000E\000x\000c\000l\000u\000\040\000\050\000p\000a\000r\000\040\000c\000o\000n\000c\000e\000p\000t\000i\000o\000n\000\051}{section.1.7}% 22
\BOOKMARK [1][-]{section.1.8}{\376\377\000M\000\351\000t\000h\000o\000d\000o\000l\000o\000g\000i\000e\000\040\000d\000e\000\040\000T\000r\000a\000v\000a\000i\000l\000\040\000e\000t\000\040\000C\000o\000n\000d\000u\000i\000t\000e\000\040\000d\000u\000\040\000P\000r\000o\000j\000e\000t}{chapter.1}% 23
\BOOKMARK [2][-]{subsection.1.8.1}{\376\377\000J\000u\000s\000t\000i\000f\000i\000c\000a\000t\000i\000o\000n\000\040\000d\000e\000\040\000l\000a\000\040\000D\000\351\000m\000a\000r\000c\000h\000e\000\040\000A\000g\000i\000l\000e}{section.1.8}% 24
\BOOKMARK [2][-]{subsection.1.8.2}{\376\377\000L\000e\000\040\000C\000a\000d\000r\000e\000\040\000M\000\351\000t\000h\000o\000d\000o\000l\000o\000g\000i\000q\000u\000e\000\040\000S\000c\000r\000u\000m}{section.1.8}% 25
\BOOKMARK [2][-]{subsection.1.8.3}{\376\377\000P\000l\000a\000n\000i\000f\000i\000c\000a\000t\000i\000o\000n\000\040\000d\000e\000s\000\040\000S\000p\000r\000i\000n\000t\000s\000\040\000e\000t\000\040\000C\000a\000l\000e\000n\000d\000r\000i\000e\000r\000\040\000G\000l\000o\000b\000a\000l}{section.1.8}% 26
\BOOKMARK [0][-]{chapter.2}{\376\377\000\311\000t\000a\000t\000\040\000d\000e\000\040\000l\000'\000A\000r\000t\000\040\000e\000t\000\040\000\311\000t\000u\000d\000e\000\040\000C\000o\000m\000p\000a\000r\000a\000t\000i\000v\000e}{}% 27
\BOOKMARK [1][-]{section.2.1}{\376\377\000F\000o\000n\000d\000e\000m\000e\000n\000t\000s\000\040\000d\000e\000\040\000l\000a\000\040\000C\000y\000b\000e\000r\000s\000\351\000c\000u\000r\000i\000t\000\351}{chapter.2}% 28
\BOOKMARK [2][-]{subsection.2.1.1}{\376\377\000D\000\351\000f\000i\000n\000i\000t\000i\000o\000n\000\040\000e\000t\000\040\000E\000n\000j\000e\000u\000x\000\040\000C\000o\000n\000t\000e\000m\000p\000o\000r\000a\000i\000n\000s}{section.2.1}% 29
\BOOKMARK [2][-]{subsection.2.1.2}{\376\377\000P\000i\000l\000i\000e\000r\000s\000\040\000F\000o\000n\000d\000a\000m\000e\000n\000t\000a\000u\000x\000\040\000d\000e\000\040\000l\000a\000\040\000S\000\351\000c\000u\000r\000i\000t\000\351}{section.2.1}% 30
\BOOKMARK [1][-]{section.2.2}{\376\377\000L\000e\000\040\000R\000\351\000f\000\351\000r\000e\000n\000t\000i\000e\000l\000\040\000O\000W\000A\000S\000P\000\040\000T\000o\000p\000\040\0001\0000}{chapter.2}% 31
\BOOKMARK [1][-]{section.2.3}{\376\377\000G\000e\000s\000t\000i\000o\000n\000\040\000C\000o\000n\000t\000i\000n\000u\000e\000\040\000d\000e\000\040\000l\000a\000\040\000S\000u\000r\000f\000a\000c\000e\000\040\000d\000'\000A\000t\000t\000a\000q\000u\000e\000\040\000\050\000A\000S\000M\000\051}{chapter.2}% 32
\BOOKMARK [2][-]{subsection.2.3.1}{\376\377\000D\000\351\000f\000i\000n\000i\000t\000i\000o\000n\000\040\000e\000t\000\040\000P\000r\000i\000n\000c\000i\000p\000e\000s}{section.2.3}% 33
\BOOKMARK [2][-]{subsection.2.3.2}{\376\377\000C\000y\000c\000l\000e\000\040\000d\000e\000\040\000V\000i\000e\000\040\000d\000u\000\040\000P\000r\000o\000c\000e\000s\000s\000u\000s\000\040\000A\000S\000M}{section.2.3}% 34
\BOOKMARK [1][-]{section.2.4}{\376\377\000R\000e\000c\000o\000n\000n\000a\000i\000s\000s\000a\000n\000c\000e\000\040\000e\000t\000\040\000O\000u\000t\000i\000l\000s\000\040\000d\000'\000A\000u\000d\000i\000t\000\040\000d\000e\000\040\000S\000\351\000c\000u\000r\000i\000t\000\351}{chapter.2}% 35
\BOOKMARK [2][-]{subsection.2.4.1}{\376\377\000R\000\364\000l\000e\000\040\000e\000t\000\040\000T\000y\000p\000o\000l\000o\000g\000i\000e\000\040\000d\000e\000\040\000l\000a\000\040\000R\000e\000c\000o\000n\000n\000a\000i\000s\000s\000a\000n\000c\000e}{section.2.4}% 36
\BOOKMARK [2][-]{subsection.2.4.2}{\376\377\000O\000u\000t\000i\000l\000s\000\040\000d\000'\000A\000u\000d\000i\000t\000\040\000I\000n\000t\000\351\000g\000r\000\351\000s\000\040\000d\000a\000n\000s\000\040\000l\000a\000\040\000P\000l\000a\000t\000e\000f\000o\000r\000m\000e}{section.2.4}% 37
\BOOKMARK [1][-]{section.2.5}{\376\377\000D\000e\000v\000S\000e\000c\000O\000p\000s\000\040\000e\000t\000\040\000S\000\351\000c\000u\000r\000i\000t\000\351\000\040\000d\000e\000\040\000l\000a\000\040\000C\000h\000a\000\356\000n\000e\000\040\000L\000o\000g\000i\000c\000i\000e\000l\000l\000e}{chapter.2}% 38
\BOOKMARK [2][-]{subsection.2.5.1}{\376\377\000O\000r\000i\000g\000i\000n\000e\000\040\000e\000t\000\040\000P\000h\000i\000l\000o\000s\000o\000p\000h\000i\000e\000\040\000S\000h\000i\000f\000t\000-\000L\000e\000f\000t}{section.2.5}% 39
\BOOKMARK [2][-]{subsection.2.5.2}{\376\377\000S\000\351\000c\000u\000r\000i\000t\000\351\000\040\000d\000e\000\040\000l\000a\000\040\000C\000h\000a\000\356\000n\000e\000\040\000d\000'\000A\000p\000p\000r\000o\000v\000i\000s\000i\000o\000n\000n\000e\000m\000e\000n\000t\000\040\000L\000o\000g\000i\000c\000i\000e\000l\000l\000e\000\040\000\050\000S\000o\000f\000t\000w\000a\000r\000e\000\040\000S\000u\000p\000p\000l\000y\000\040\000C\000h\000a\000i\000n\000\051}{section.2.5}% 40
\BOOKMARK [1][-]{section.2.6}{\376\377\000I\000n\000t\000e\000l\000l\000i\000g\000e\000n\000c\000e\000\040\000A\000r\000t\000i\000f\000i\000c\000i\000e\000l\000l\000e\000\040\000L\000o\000c\000a\000l\000e\000\040\000e\000t\000\040\000G\000r\000a\000n\000d\000s\000\040\000M\000o\000d\000\350\000l\000e\000s\000\040\000d\000e\000\040\000L\000a\000n\000g\000a\000g\000e\000\040\000\050\000L\000L\000M\000\051}{chapter.2}% 41
\BOOKMARK [2][-]{subsection.2.6.1}{\376\377\000A\000p\000p\000o\000r\000t\000\040\000d\000e\000s\000\040\000L\000L\000M\000\040\000d\000a\000n\000s\000\040\000l\000'\000A\000u\000d\000i\000t\000\040\000d\000e\000\040\000S\000\351\000c\000u\000r\000i\000t\000\351}{section.2.6}% 42
\BOOKMARK [2][-]{subsection.2.6.2}{\376\377\000I\000m\000p\000\351\000r\000a\000t\000i\000f\000\040\000d\000e\000\040\000C\000o\000n\000f\000i\000d\000e\000n\000t\000i\000a\000l\000i\000t\000\351\000\040\000e\000t\000\040\000M\000o\000d\000\350\000l\000e\000s\000\040\000C\000o\000n\000t\000r\000a\000i\000n\000t\000s}{section.2.6}% 43
\BOOKMARK [1][-]{section.2.7}{\376\377\000A\000r\000c\000h\000i\000t\000e\000c\000t\000u\000r\000e\000s\000\040\000M\000i\000c\000r\000o\000s\000e\000r\000v\000i\000c\000e\000s\000\040\000e\000t\000\040\000S\000y\000s\000t\000\350\000m\000e\000s\000\040\000\311\000v\000\351\000n\000e\000m\000e\000n\000t\000i\000e\000l\000s}{chapter.2}% 44
\BOOKMARK [1][-]{section.2.8}{\376\377\000\311\000t\000u\000d\000e\000\040\000C\000o\000m\000p\000a\000r\000a\000t\000i\000v\000e\000\040\000e\000t\000\040\000J\000u\000s\000t\000i\000f\000i\000c\000a\000t\000i\000o\000n\000\040\000d\000e\000s\000\040\000C\000h\000o\000i\000x\000\040\000T\000e\000c\000h\000n\000o\000l\000o\000g\000i\000q\000u\000e\000s}{chapter.2}% 45
\BOOKMARK [2][-]{subsection.2.8.1}{\376\377\000C\000o\000m\000p\000a\000r\000a\000t\000i\000f\000\040\000d\000e\000s\000\040\000F\000r\000a\000m\000e\000w\000o\000r\000k\000s\000\040\000B\000a\000c\000k\000e\000n\000d\000\040\000W\000e\000b}{section.2.8}% 46
\BOOKMARK [2][-]{subsection.2.8.2}{\376\377\000C\000o\000m\000p\000a\000r\000a\000t\000i\000f\000\040\000d\000e\000s\000\040\000F\000r\000a\000m\000e\000w\000o\000r\000k\000s\000\040\000d\000e\000\040\000M\000i\000c\000r\000o\000s\000e\000r\000v\000i\000c\000e\000s\000\040\000P\000y\000t\000h\000o\000n}{section.2.8}% 47
\BOOKMARK [2][-]{subsection.2.8.3}{\376\377\000C\000o\000m\000p\000a\000r\000a\000t\000i\000f\000\040\000d\000e\000s\000\040\000M\000o\000t\000e\000u\000r\000s\000\040\000d\000'\000I\000A\000\040\000L\000o\000c\000a\000l\000e\000\040\000\050\000L\000L\000M\000\051}{section.2.8}% 48
\BOOKMARK [2][-]{subsection.2.8.4}{\376\377\000C\000o\000m\000p\000a\000r\000a\000t\000i\000f\000\040\000d\000e\000\040\000l\000a\000\040\000B\000a\000s\000e\000\040\000d\000e\000\040\000D\000o\000n\000n\000\351\000e\000s\000\040\000e\000t\000\040\000d\000u\000\040\000M\000o\000t\000e\000u\000r\000\040\000d\000e\000\040\000G\000r\000a\000p\000h\000e}{section.2.8}% 49
\BOOKMARK [2][-]{subsection.2.8.5}{\376\377\000C\000o\000m\000p\000a\000r\000a\000t\000i\000f\000\040\000d\000u\000\040\000M\000e\000s\000s\000a\000g\000e\000\040\000B\000r\000o\000k\000e\000r\000\040\000p\000o\000u\000r\000\040\000T\000r\000a\000i\000t\000e\000m\000e\000n\000t\000\040\000A\000s\000y\000n\000c\000h\000r\000o\000n\000e}{section.2.8}% 50
\BOOKMARK [2][-]{subsection.2.8.6}{\376\377\000S\000y\000n\000t\000h\000\350\000s\000e\000\040\000G\000l\000o\000b\000a\000l\000e\000\040\000d\000e\000s\000\040\000C\000h\000o\000i\000x\000\040\000T\000e\000c\000h\000n\000o\000l\000o\000g\000i\000q\000u\000e\000s}{section.2.8}% 51
\BOOKMARK [0][-]{chapter.3}{\376\377\000A\000n\000a\000l\000y\000s\000e\000\040\000d\000e\000s\000\040\000B\000e\000s\000o\000i\000n\000s\000\040\000e\000t\000\040\000C\000o\000n\000c\000e\000p\000t\000i\000o\000n\000\040\000d\000u\000\040\000S\000y\000s\000t\000\350\000m\000e}{}% 52
\BOOKMARK [1][-]{section.3.1}{\376\377\000A\000n\000a\000l\000y\000s\000e\000\040\000d\000e\000s\000\040\000B\000e\000s\000o\000i\000n\000s}{chapter.3}% 53
\BOOKMARK [2][-]{subsection.3.1.1}{\376\377\000I\000d\000e\000n\000t\000i\000f\000i\000c\000a\000t\000i\000o\000n\000\040\000d\000e\000s\000\040\000A\000c\000t\000e\000u\000r\000s}{section.3.1}% 54
\BOOKMARK [2][-]{subsection.3.1.2}{\376\377\000B\000e\000s\000o\000i\000n\000s\000\040\000F\000o\000n\000c\000t\000i\000o\000n\000n\000e\000l\000s}{section.3.1}% 55
\BOOKMARK [2][-]{subsection.3.1.3}{\376\377\000B\000e\000s\000o\000i\000n\000s\000\040\000N\000o\000n\000\040\000F\000o\000n\000c\000t\000i\000o\000n\000n\000e\000l\000s}{section.3.1}% 56
\BOOKMARK [2][-]{subsection.3.1.4}{\376\377\000C\000o\000n\000t\000r\000a\000i\000n\000t\000e\000s\000\040\000e\000t\000\040\000E\000x\000i\000g\000e\000n\000c\000e\000s\000\040\000d\000e\000\040\000S\000\351\000c\000u\000r\000i\000t\000\351}{section.3.1}% 57
\BOOKMARK [2][-]{subsection.3.1.5}{\376\377\000C\000o\000n\000t\000r\000a\000i\000n\000t\000e\000s\000\040\000L\000\351\000g\000a\000l\000e\000s\000\040\000e\000t\000\040\000P\000r\000e\000u\000v\000e\000\040\000d\000'\000A\000u\000t\000o\000r\000i\000s\000a\000t\000i\000o\000n\000\040\000\050\000P\000r\000o\000o\000f\000\040\000o\000f\000\040\000A\000u\000t\000h\000o\000r\000i\000z\000a\000t\000i\000o\000n\000\040\040\023\000\040\000P\000o\000A\000\051}{section.3.1}% 58
\BOOKMARK [1][-]{section.3.2}{\376\377\000M\000o\000d\000\351\000l\000i\000s\000a\000t\000i\000o\000n\000\040\000F\000o\000n\000c\000t\000i\000o\000n\000n\000e\000l\000l\000e\000\040\000U\000M\000L}{chapter.3}% 59
\BOOKMARK [2][-]{subsection.3.2.1}{\376\377\000D\000i\000a\000g\000r\000a\000m\000m\000e\000\040\000G\000l\000o\000b\000a\000l\000\040\000d\000e\000s\000\040\000C\000a\000s\000\040\000d\000'\000U\000t\000i\000l\000i\000s\000a\000t\000i\000o\000n}{section.3.2}% 60
\BOOKMARK [2][-]{subsection.3.2.2}{\376\377\000C\000a\000s\000\040\000d\000'\000U\000t\000i\000l\000i\000s\000a\000t\000i\000o\000n\000\040\000d\000e\000\040\000l\000'\000A\000n\000a\000l\000y\000s\000t\000e\000\040\000d\000e\000\040\000S\000\351\000c\000u\000r\000i\000t\000\351}{section.3.2}% 61
\BOOKMARK [2][-]{subsection.3.2.3}{\376\377\000C\000a\000s\000\040\000d\000'\000U\000t\000i\000l\000i\000s\000a\000t\000i\000o\000n\000\040\000d\000e\000\040\000l\000'\000A\000d\000m\000i\000n\000i\000s\000t\000r\000a\000t\000e\000u\000r\000\040\000S\000y\000s\000t\000\350\000m\000e}{section.3.2}% 62
\BOOKMARK [2][-]{subsection.3.2.4}{\376\377\000D\000e\000s\000c\000r\000i\000p\000t\000i\000o\000n\000\040\000T\000e\000x\000t\000u\000e\000l\000l\000e\000\040\000D\000\351\000t\000a\000i\000l\000l\000\351\000e\000\040\000d\000e\000s\000\040\000C\000a\000s\000\040\000d\000'\000U\000t\000i\000l\000i\000s\000a\000t\000i\000o\000n\000\040\000C\000l\000\351\000s}{section.3.2}% 63
\BOOKMARK [1][-]{section.3.3}{\376\377\000A\000r\000c\000h\000i\000t\000e\000c\000t\000u\000r\000e\000\040\000G\000l\000o\000b\000a\000l\000e\000\040\000d\000u\000\040\000S\000y\000s\000t\000\350\000m\000e}{chapter.3}% 64
\BOOKMARK [2][-]{subsection.3.3.1}{\376\377\000V\000u\000e\000\040\000d\000'\000E\000n\000s\000e\000m\000b\000l\000e\000\040\000d\000u\000\040\000S\000y\000s\000t\000\350\000m\000e}{section.3.3}% 65
\BOOKMARK [2][-]{subsection.3.3.2}{\376\377\000C\000o\000m\000p\000o\000s\000a\000n\000t\000s\000\040\000A\000p\000p\000l\000i\000c\000a\000t\000i\000f\000s\000\040\000M\000\351\000t\000i\000e\000r\000\040\000\050\0007\000\040\000C\000o\000m\000p\000o\000s\000a\000n\000t\000s\000\040\000L\000o\000g\000i\000q\000u\000e\000s\000\051}{section.3.3}% 66
\BOOKMARK [2][-]{subsection.3.3.3}{\376\377\000C\000o\000n\000t\000e\000n\000e\000u\000r\000s\000\040\000d\000'\000I\000n\000f\000r\000a\000s\000t\000r\000u\000c\000t\000u\000r\000e\000\040\000D\000o\000c\000k\000e\000r\000\040\000\050\0001\0002\000\040\000S\000e\000r\000v\000i\000c\000e\000s\000\040\000C\000o\000n\000t\000e\000n\000e\000u\000r\000i\000s\000\351\000s\000\051}{section.3.3}% 67
\BOOKMARK [2][-]{subsection.3.3.4}{\376\377\000C\000o\000m\000m\000u\000n\000i\000c\000a\000t\000i\000o\000n\000\040\000I\000n\000t\000e\000r\000-\000S\000e\000r\000v\000i\000c\000e\000s\000\040\000e\000t\000\040\000F\000l\000u\000x\000\040\000A\000s\000y\000n\000c\000h\000r\000o\000n\000e}{section.3.3}% 68
\BOOKMARK [2][-]{subsection.3.3.5}{\376\377\000C\000o\000m\000m\000u\000n\000i\000c\000a\000t\000i\000o\000n\000\040\000S\000y\000n\000c\000h\000r\000o\000n\000e\000\040\000R\000E\000S\000T\000\040\000v\000s\000\040\000A\000s\000y\000n\000c\000h\000r\000o\000n\000e\000\040\000p\000a\000r\000\040\000\311\000v\000\351\000n\000e\000m\000e\000n\000t\000s}{section.3.3}% 69
\BOOKMARK [1][-]{section.3.4}{\376\377\000C\000o\000n\000c\000e\000p\000t\000i\000o\000n\000\040\000d\000e\000s\000\040\000D\000o\000n\000n\000\351\000e\000s\000\040\000e\000t\000\040\000D\000y\000n\000a\000m\000i\000q\000u\000e\000\040\000d\000u\000\040\000S\000y\000s\000t\000\350\000m\000e}{chapter.3}% 70
\BOOKMARK [2][-]{subsection.3.4.1}{\376\377\000M\000o\000d\000\350\000l\000e\000\040\000E\000n\000t\000i\000t\000\351\000-\000A\000s\000s\000o\000c\000i\000a\000t\000i\000o\000n\000\040\000\050\000E\000R\000D\000\051}{section.3.4}% 71
\BOOKMARK [2][-]{subsection.3.4.2}{\376\377\000D\000i\000a\000g\000r\000a\000m\000m\000e\000\040\000d\000e\000\040\000C\000l\000a\000s\000s\000e\000s\000\040\000d\000u\000\040\000M\000o\000d\000\350\000l\000e\000\040\000d\000e\000\040\000D\000o\000n\000n\000\351\000e\000s}{section.3.4}% 72
\BOOKMARK [2][-]{subsection.3.4.3}{\376\377\000M\000o\000d\000\350\000l\000e\000\040\000d\000u\000\040\000G\000r\000a\000p\000h\000e\000\040\000d\000e\000\040\000C\000o\000n\000n\000a\000i\000s\000s\000a\000n\000c\000e\000s\000\040\000e\000t\000\040\000P\000r\000o\000j\000e\000c\000t\000i\000o\000n\000\040\000A\000p\000a\000c\000h\000e\000\040\000A\000G\000E}{section.3.4}% 73
\BOOKMARK [2][-]{subsection.3.4.4}{\376\377\000D\000i\000a\000g\000r\000a\000m\000m\000e\000s\000\040\000d\000e\000\040\000S\000\351\000q\000u\000e\000n\000c\000e\000\040\000d\000u\000\040\000S\000y\000s\000t\000\350\000m\000e}{section.3.4}% 74
\BOOKMARK [2][-]{subsection.3.4.5}{\376\377\000M\000a\000c\000h\000i\000n\000e\000\040\000\340\000\040\000\311\000t\000a\000t\000s\000\040\000d\000'\000u\000n\000\040\000S\000c\000a\000n}{section.3.4}% 75
\BOOKMARK [2][-]{subsection.3.4.6}{\376\377\000D\000i\000a\000g\000r\000a\000m\000m\000e\000\040\000d\000e\000\040\000F\000l\000u\000x\000\040\000d\000e\000\040\000D\000o\000n\000n\000\351\000e\000s\000\040\000\050\000D\000F\000D\000\051}{section.3.4}% 76
\BOOKMARK [1][-]{section.3.5}{\376\377\000A\000r\000c\000h\000i\000t\000e\000c\000t\000u\000r\000e\000\040\000d\000e\000\040\000S\000\351\000c\000u\000r\000i\000t\000\351\000\040\000M\000u\000l\000t\000i\000c\000o\000u\000c\000h\000e}{chapter.3}% 77
\BOOKMARK [1][-]{section.3.6}{\376\377\000M\000o\000d\000\351\000l\000i\000s\000a\000t\000i\000o\000n\000\040\000F\000o\000r\000m\000e\000l\000l\000e\000\040\000d\000e\000s\000\040\000M\000e\000n\000a\000c\000e\000s\000\040\000\050\000T\000h\000r\000e\000a\000t\000\040\000M\000o\000d\000e\000l\000i\000n\000g\000\040\000S\000T\000R\000I\000D\000E\000\051}{chapter.3}% 78
\BOOKMARK [2][-]{subsection.3.6.1}{\376\377\000M\000\351\000t\000h\000o\000d\000o\000l\000o\000g\000i\000e\000\040\000e\000t\000\040\000F\000r\000o\000n\000t\000i\000\350\000r\000e\000s\000\040\000d\000e\000\040\000C\000o\000n\000f\000i\000a\000n\000c\000e}{section.3.6}% 79
\BOOKMARK [2][-]{subsection.3.6.2}{\376\377\000M\000a\000t\000r\000i\000c\000e\000\040\000d\000e\000s\000\040\000M\000e\000n\000a\000c\000e\000s\000\040\000S\000T\000R\000I\000D\000E\000\040\000e\000t\000\040\000C\000o\000n\000t\000r\000e\000-\000M\000e\000s\000u\000r\000e\000s\000\040\000A\000p\000p\000l\000i\000q\000u\000\351\000e\000s}{section.3.6}% 80
\BOOKMARK [1][-]{section.3.7}{\376\377\000A\000r\000c\000h\000i\000t\000e\000c\000t\000u\000r\000e\000\040\000D\000e\000v\000S\000e\000c\000O\000p\000s\000\040\000D\000\351\000t\000a\000i\000l\000l\000\351\000e}{chapter.3}% 81
\BOOKMARK [2][-]{subsection.3.7.1}{\376\377\000P\000i\000p\000e\000l\000i\000n\000e\000\040\000C\000I\000/\000C\000D\000\040\000s\000o\000u\000s\000\040\000G\000i\000t\000H\000u\000b\000\040\000A\000c\000t\000i\000o\000n\000s}{section.3.7}% 82
\BOOKMARK [2][-]{subsection.3.7.2}{\376\377\000D\000e\000s\000c\000r\000i\000p\000t\000i\000o\000n\000\040\000d\000e\000s\000\040\000P\000o\000r\000t\000e\000s\000\040\000d\000e\000\040\000S\000\351\000c\000u\000r\000i\000t\000\351\000\040\000\050\000S\000e\000c\000u\000r\000i\000t\000y\000\040\000G\000a\000t\000e\000s\000\051}{section.3.7}% 83
\BOOKMARK [0][-]{chapter.4}{\376\377\000R\000\351\000a\000l\000i\000s\000a\000t\000i\000o\000n\000\040\000e\000t\000\040\000V\000a\000l\000i\000d\000a\000t\000i\000o\000n\000\040\000E\000x\000p\000\351\000r\000i\000m\000e\000n\000t\000a\000l\000e}{}% 84
\BOOKMARK [1][-]{section.4.1}{\376\377\000E\000n\000v\000i\000r\000o\000n\000n\000e\000m\000e\000n\000t\000\040\000d\000e\000\040\000D\000\351\000v\000e\000l\000o\000p\000p\000e\000m\000e\000n\000t\000\040\000e\000t\000\040\000O\000u\000t\000i\000l\000l\000a\000g\000e}{chapter.4}% 85
\BOOKMARK [1][-]{section.4.2}{\376\377\000I\000m\000p\000l\000\351\000m\000e\000n\000t\000a\000t\000i\000o\000n\000\040\000d\000u\000\040\000B\000a\000c\000k\000-\000e\000n\000d\000\040\000A\000p\000p\000l\000i\000c\000a\000t\000i\000f\000\040\000\050\000L\000a\000r\000a\000v\000e\000l\000\040\0001\0001\000\051}{chapter.4}% 86
\BOOKMARK [2][-]{subsection.4.2.1}{\376\377\000A\000r\000c\000h\000i\000t\000e\000c\000t\000u\000r\000e\000\040\000I\000n\000t\000e\000r\000n\000e\000\040\000e\000n\000\040\000C\000o\000u\000c\000h\000e\000s\000\040\000d\000u\000\040\000B\000a\000c\000k\000-\000e\000n\000d}{section.4.2}% 87
\BOOKMARK [2][-]{subsection.4.2.2}{\376\377\000A\000u\000t\000h\000e\000n\000t\000i\000f\000i\000c\000a\000t\000i\000o\000n\000,\000\040\000R\000B\000A\000C\000\040\000e\000t\000\040\000M\000i\000d\000d\000l\000e\000w\000a\000r\000e\000s\000\040\000d\000e\000\040\000S\000\351\000c\000u\000r\000i\000t\000\351}{section.4.2}% 88
\BOOKMARK [2][-]{subsection.4.2.3}{\376\377\000O\000r\000c\000h\000e\000s\000t\000r\000a\000t\000i\000o\000n\000\040\000A\000s\000y\000n\000c\000h\000r\000o\000n\000e\000\040\000d\000e\000s\000\040\000S\000c\000a\000n\000s\000\040\000\050\000J\000o\000b\000s\000\040\000\046\000\040\000Q\000u\000e\000u\000e\000s\000\051}{section.4.2}% 89
\BOOKMARK [1][-]{section.4.3}{\376\377\000I\000m\000p\000l\000\351\000m\000e\000n\000t\000a\000t\000i\000o\000n\000\040\000d\000e\000s\000\040\000M\000i\000c\000r\000o\000s\000e\000r\000v\000i\000c\000e\000s\000\040\000P\000y\000t\000h\000o\000n\000\040\000F\000l\000a\000s\000k}{chapter.4}% 90
\BOOKMARK [2][-]{subsection.4.3.1}{\376\377\000M\000i\000c\000r\000o\000s\000e\000r\000v\000i\000c\000e\000\040\000d\000e\000\040\000R\000e\000c\000o\000n\000n\000a\000i\000s\000s\000a\000n\000c\000e\000\040\000\050\000P\000o\000r\000t\000\040\0005\0000\0000\0000\000\051}{section.4.3}% 91
\BOOKMARK [2][-]{subsection.4.3.2}{\376\377\000M\000i\000c\000r\000o\000s\000e\000r\000v\000i\000c\000e\000\040\000d\000e\000\040\000S\000\351\000c\000u\000r\000i\000t\000\351\000\040\000O\000f\000f\000e\000n\000s\000i\000v\000e\000\040\000e\000t\000\040\000B\000a\000c\000\040\000\340\000\040\000S\000a\000b\000l\000e\000\040\000\050\000P\000o\000r\000t\000\040\0005\0000\0000\0001\000\051}{section.4.3}% 92
\BOOKMARK [2][-]{subsection.4.3.3}{\376\377\000M\000i\000c\000r\000o\000s\000e\000r\000v\000i\000c\000e\000\040\000O\000S\000I\000N\000T\000\040\000\050\000P\000o\000r\000t\000\040\0005\0000\0000\0002\000\051}{section.4.3}% 93
\BOOKMARK [2][-]{subsection.4.3.4}{\376\377\000M\000i\000c\000r\000o\000s\000e\000r\000v\000i\000c\000e\000\040\000d\000'\000I\000A\000\040\000C\000o\000n\000t\000r\000a\000i\000n\000t\000e\000\040\000\050\000P\000o\000r\000t\000\040\0005\0000\0000\0003\000\051}{section.4.3}% 94
\BOOKMARK [2][-]{subsection.4.3.5}{\376\377\000A\000r\000c\000h\000i\000t\000e\000c\000t\000u\000r\000e\000\040\000d\000u\000\040\000F\000r\000a\000m\000e\000w\000o\000r\000k\000\040\000d\000e\000\040\000S\000c\000a\000n\000n\000e\000r\000s\000\040\000\050\000B\000a\000s\000e\000S\000c\000a\000n\000n\000e\000r\000S\000e\000r\000v\000i\000c\000e\000\051}{section.4.3}% 95
\BOOKMARK [2][-]{subsection.4.3.6}{\376\377\000P\000i\000p\000e\000l\000i\000n\000e\000\040\000d\000e\000\040\000N\000o\000r\000m\000a\000l\000i\000s\000a\000t\000i\000o\000n\000\040\000d\000e\000s\000\040\000D\000o\000n\000n\000\351\000e\000s\000\040\000\050\000R\000e\000s\000u\000l\000t\000P\000a\000r\000s\000e\000r\000\051}{section.4.3}% 96
\BOOKMARK [1][-]{section.4.4}{\376\377\000S\000p\000\351\000c\000i\000f\000i\000c\000a\000t\000i\000o\000n\000\040\000e\000t\000\040\000C\000o\000n\000c\000e\000p\000t\000i\000o\000n\000\040\000d\000e\000\040\000l\000'\000A\000P\000I\000\040\000R\000E\000S\000T\000f\000u\000l}{chapter.4}% 97
\BOOKMARK [2][-]{subsection.4.4.1}{\376\377\000E\000x\000e\000m\000p\000l\000e\000\040\000d\000e\000\040\000R\000e\000q\000u\000\352\000t\000e\000\040\000e\000t\000\040\000R\000\351\000p\000o\000n\000s\000e\000\040\000J\000S\000O\000N\000\040\000N\000o\000r\000m\000a\000l\000i\000s\000\351\000e}{section.4.4}% 98
\BOOKMARK [1][-]{section.4.5}{\376\377\000I\000n\000t\000e\000r\000f\000a\000c\000e\000s\000\040\000U\000t\000i\000l\000i\000s\000a\000t\000e\000u\000r\000s\000\040\000d\000e\000\040\000l\000a\000\040\000P\000l\000a\000t\000e\000f\000o\000r\000m\000e}{chapter.4}% 99
\BOOKMARK [2][-]{subsection.4.5.1}{\376\377\000A\000u\000t\000h\000e\000n\000t\000i\000f\000i\000c\000a\000t\000i\000o\000n\000\040\000e\000t\000\040\000E\000n\000r\000e\000g\000i\000s\000t\000r\000e\000m\000e\000n\000t\000\040\000S\000\351\000c\000u\000r\000i\000s\000\351}{section.4.5}% 100
\BOOKMARK [2][-]{subsection.4.5.2}{\376\377\000T\000a\000b\000l\000e\000a\000u\000\040\000d\000e\000\040\000B\000o\000r\000d\000\040\000P\000r\000i\000n\000c\000i\000p\000a\000l\000\040\000\050\000D\000a\000s\000h\000b\000o\000a\000r\000d\000\040\000A\000S\000M\000\051}{section.4.5}% 101
\BOOKMARK [2][-]{subsection.4.5.3}{\376\377\000G\000e\000s\000t\000i\000o\000n\000\040\000d\000e\000s\000\040\000P\000r\000o\000j\000e\000t\000s\000\040\000e\000t\000\040\000C\000i\000b\000l\000e\000s\000\040\000d\000'\000A\000u\000d\000i\000t}{section.4.5}% 102
\BOOKMARK [2][-]{subsection.4.5.4}{\376\377\000L\000a\000n\000c\000e\000m\000e\000n\000t\000\040\000e\000t\000\040\000S\000u\000i\000v\000i\000\040\000d\000e\000s\000\040\000S\000c\000a\000n\000s\000\040\000d\000e\000\040\000R\000e\000c\000o\000n\000n\000a\000i\000s\000s\000a\000n\000c\000e}{section.4.5}% 103
\BOOKMARK [2][-]{subsection.4.5.5}{\376\377\000R\000e\000s\000t\000i\000t\000u\000t\000i\000o\000n\000\040\000d\000e\000s\000\040\000R\000\351\000s\000u\000l\000t\000a\000t\000s\000\040\000e\000t\000\040\000P\000r\000e\000u\000v\000e\000s\000\040\000B\000r\000u\000t\000e\000s}{section.4.5}% 104
\BOOKMARK [2][-]{subsection.4.5.6}{\376\377\000F\000i\000c\000h\000e\000\040\000d\000e\000\040\000C\000o\000n\000s\000t\000a\000t\000\040\000e\000t\000\040\000R\000e\000m\000e\000d\000i\000a\000t\000i\000o\000n\000-\000a\000s\000-\000C\000o\000d\000e\000\040\000A\000s\000s\000i\000s\000t\000\351\000e\000\040\000p\000a\000r\000\040\000I\000A}{section.4.5}% 105
\BOOKMARK [2][-]{subsection.4.5.7}{\376\377\000V\000i\000s\000u\000a\000l\000i\000s\000a\000t\000i\000o\000n\000\040\000I\000n\000t\000e\000r\000a\000c\000t\000i\000v\000e\000\040\000d\000u\000\040\000G\000r\000a\000p\000h\000e\000\040\000d\000e\000\040\000C\000o\000n\000n\000a\000i\000s\000s\000a\000n\000c\000e\000s}{section.4.5}% 106
\BOOKMARK [2][-]{subsection.4.5.8}{\376\377\000M\000o\000d\000u\000l\000e\000\040\000d\000e\000\040\000R\000e\000n\000s\000e\000i\000g\000n\000e\000m\000e\000n\000t\000\040\000P\000a\000s\000s\000i\000f\000\040\000\050\000O\000S\000I\000N\000T\000\051}{section.4.5}% 107
\BOOKMARK [2][-]{subsection.4.5.9}{\376\377\000G\000e\000s\000t\000i\000o\000n\000n\000a\000i\000r\000e\000\040\000d\000u\000\040\000B\000a\000c\000\040\000\340\000\040\000S\000a\000b\000l\000e\000\040\000\050\000S\000a\000n\000d\000b\000o\000x\000\040\000I\000s\000o\000l\000\351\000e\000\051}{section.4.5}% 108
\BOOKMARK [2][-]{subsection.4.5.10}{\376\377\000A\000l\000e\000r\000t\000e\000s\000\040\000d\000e\000\040\000S\000\351\000c\000u\000r\000i\000t\000\351\000\040\000e\000t\000\040\000S\000u\000r\000v\000e\000i\000l\000l\000a\000n\000c\000e\000\040\000C\000o\000n\000t\000i\000n\000u\000e}{section.4.5}% 109
\BOOKMARK [2][-]{subsection.4.5.11}{\376\377\000C\000o\000-\000p\000i\000l\000o\000t\000e\000\040\000C\000o\000n\000v\000e\000r\000s\000a\000t\000i\000o\000n\000n\000e\000l\000\040\000d\000e\000\040\000S\000\351\000c\000u\000r\000i\000t\000\351\000\040\000\050\000A\000I\000\040\000A\000s\000s\000i\000s\000t\000a\000n\000t\000\051}{section.4.5}% 110
\BOOKMARK [2][-]{subsection.4.5.12}{\376\377\000A\000d\000m\000i\000n\000i\000s\000t\000r\000a\000t\000i\000o\000n\000\040\000d\000e\000s\000\040\000U\000t\000i\000l\000i\000s\000a\000t\000e\000u\000r\000s\000\040\000e\000t\000\040\000R\000\364\000l\000e\000s\000\040\000R\000B\000A\000C}{section.4.5}% 111
\BOOKMARK [2][-]{subsection.4.5.13}{\376\377\000J\000o\000u\000r\000n\000a\000l\000i\000s\000a\000t\000i\000o\000n\000\040\000d\000'\000A\000u\000d\000i\000t\000\040\000I\000m\000m\000u\000a\000b\000l\000e\000\040\000\050\000A\000u\000d\000i\000t\000\040\000L\000o\000g\000s\000\051}{section.4.5}% 112
\BOOKMARK [2][-]{subsection.4.5.14}{\376\377\000S\000u\000r\000v\000e\000i\000l\000l\000a\000n\000c\000e\000\040\000d\000e\000\040\000l\000a\000\040\000S\000a\000n\000t\000\351\000\040\000d\000e\000s\000\040\000M\000i\000c\000r\000o\000s\000e\000r\000v\000i\000c\000e\000s\000\040\000\050\000S\000y\000s\000t\000e\000m\000\040\000H\000e\000a\000l\000t\000h\000\051}{section.4.5}% 113
\BOOKMARK [2][-]{subsection.4.5.15}{\376\377\000G\000\351\000n\000\351\000r\000a\000t\000i\000o\000n\000\040\000e\000t\000\040\000C\000o\000n\000s\000u\000l\000t\000a\000t\000i\000o\000n\000\040\000d\000e\000s\000\040\000R\000a\000p\000p\000o\000r\000t\000s\000\040\000d\000'\000E\000x\000p\000e\000r\000t\000i\000s\000e}{section.4.5}% 114
\BOOKMARK [1][-]{section.4.6}{\376\377\000C\000o\000n\000c\000e\000p\000t\000i\000o\000n\000\040\000e\000t\000\040\000I\000m\000p\000l\000\351\000m\000e\000n\000t\000a\000t\000i\000o\000n\000\040\000A\000v\000a\000n\000c\000\351\000e\000\040\000d\000u\000\040\000G\000r\000a\000p\000h\000e\000\040\000d\000e\000\040\000C\000o\000n\000n\000a\000i\000s\000s\000a\000n\000c\000e\000s}{chapter.4}% 115
\BOOKMARK [2][-]{subsection.4.6.1}{\376\377\000M\000o\000d\000\350\000l\000e\000\040\000d\000e\000\040\000D\000o\000n\000n\000\351\000e\000s\000\040\000e\000n\000\040\000G\000r\000a\000p\000h\000e\000\040\000\050\000N\001\123\000u\000d\000s\000\040\000e\000t\000\040\000A\000r\000\352\000t\000e\000s\000\051}{section.4.6}% 116
\BOOKMARK [2][-]{subsection.4.6.2}{\376\377\000P\000i\000p\000e\000l\000i\000n\000e\000\040\000d\000e\000\040\000C\000o\000n\000s\000t\000r\000u\000c\000t\000i\000o\000n\000\040\000e\000t\000\040\000R\000e\000q\000u\000\352\000t\000a\000g\000e\000\040\000o\000p\000e\000n\000C\000y\000p\000h\000e\000r}{section.4.6}% 117
\BOOKMARK [2][-]{subsection.4.6.3}{\376\377\000A\000l\000g\000o\000r\000i\000t\000h\000m\000e\000\040\000d\000e\000\040\000C\000a\000l\000c\000u\000l\000\040\000d\000u\000\040\000R\000a\000y\000o\000n\000\040\000d\000'\000I\000m\000p\000a\000c\000t\000\040\000\050\000B\000l\000a\000s\000t\000\040\000R\000a\000d\000i\000u\000s\000\051}{section.4.6}% 118
\BOOKMARK [1][-]{section.4.7}{\376\377\000M\000o\000t\000e\000u\000r\000\040\000d\000'\000I\000n\000t\000e\000l\000l\000i\000g\000e\000n\000c\000e\000\040\000A\000r\000t\000i\000f\000i\000c\000i\000e\000l\000l\000e\000\040\000C\000o\000n\000t\000r\000a\000i\000n\000t\000e\000\040\000e\000t\000\040\000R\000e\000m\000e\000d\000i\000a\000t\000i\000o\000n\000-\000a\000s\000-\000C\000o\000d\000e}{chapter.4}% 119
\BOOKMARK [2][-]{subsection.4.7.1}{\376\377\000P\000i\000p\000e\000l\000i\000n\000e\000\040\000d\000e\000\040\000T\000r\000a\000i\000t\000e\000m\000e\000n\000t\000\040\000I\000A}{section.4.7}% 120
\BOOKMARK [2][-]{subsection.4.7.2}{\376\377\000S\000c\000h\000\351\000m\000a\000\040\000d\000e\000\040\000S\000o\000r\000t\000i\000e\000\040\000S\000t\000r\000i\000c\000t\000\040\000e\000t\000\040\000R\000\351\000d\000u\000c\000t\000i\000o\000n\000\040\000d\000e\000s\000\040\000H\000a\000l\000l\000u\000c\000i\000n\000a\000t\000i\000o\000n\000s}{section.4.7}% 121
\BOOKMARK [1][-]{section.4.8}{\376\377\000D\000\351\000p\000l\000o\000i\000e\000m\000e\000n\000t\000\040\000e\000n\000\040\000P\000r\000o\000d\000u\000c\000t\000i\000o\000n\000\040\000e\000t\000\040\000D\000u\000r\000c\000i\000s\000s\000e\000m\000e\000n\000t\000\040\000V\000P\000S}{chapter.4}% 122
\BOOKMARK [1][-]{section.4.9}{\376\377\000E\000x\000\351\000c\000u\000t\000i\000o\000n\000\040\000d\000u\000\040\000P\000i\000p\000e\000l\000i\000n\000e\000\040\000D\000e\000v\000S\000e\000c\000O\000p\000s}{chapter.4}% 123
\BOOKMARK [1][-]{section.4.10}{\376\377\000D\000i\000f\000f\000i\000c\000u\000l\000t\000\351\000s\000\040\000R\000e\000n\000c\000o\000n\000t\000r\000\351\000e\000s\000\040\000e\000t\000\040\000S\000o\000l\000u\000t\000i\000o\000n\000s\000\040\000A\000p\000p\000o\000r\000t\000\351\000e\000s}{chapter.4}% 124
\BOOKMARK [2][-]{subsection.4.10.1}{\376\377\000D\000i\000f\000f\000i\000c\000u\000l\000t\000\351\000\040\0001\000\040\000:\000\040\000I\000n\000t\000\351\000g\000r\000a\000t\000i\000o\000n\000\040\000e\000t\000\040\000C\000o\000m\000p\000a\000t\000i\000b\000i\000l\000i\000t\000\351\000\040\000d\000'\000A\000p\000a\000c\000h\000e\000\040\000A\000G\000E\000\040\000a\000v\000e\000c\000\040\000P\000o\000s\000t\000g\000r\000e\000S\000Q\000L\000\040\0001\0006}{section.4.10}% 125
\BOOKMARK [2][-]{subsection.4.10.2}{\376\377\000D\000i\000f\000f\000i\000c\000u\000l\000t\000\351\000\040\0002\000\040\000:\000\040\000O\000p\000t\000i\000m\000i\000s\000a\000t\000i\000o\000n\000\040\000d\000e\000\040\000l\000a\000\040\000L\000a\000t\000e\000n\000c\000e\000\040\000d\000u\000\040\000L\000L\000M\000\040\000L\000o\000c\000a\000l\000\040\000e\000t\000\040\000\311\000l\000i\000m\000i\000n\000a\000t\000i\000o\000n\000\040\000d\000e\000s\000\040\000H\000a\000l\000l\000u\000c\000i\000n\000a\000t\000i\000o\000n\000s}{section.4.10}% 126
\BOOKMARK [2][-]{subsection.4.10.3}{\376\377\000D\000i\000f\000f\000i\000c\000u\000l\000t\000\351\000\040\0003\000\040\000:\000\040\000I\000s\000o\000l\000a\000t\000i\000o\000n\000\040\000H\000e\000r\000m\000\351\000t\000i\000q\000u\000e\000\040\000d\000u\000\040\000B\000a\000c\000\040\000\340\000\040\000S\000a\000b\000l\000e\000\040\000\050\000D\000o\000c\000k\000e\000r\000\040\000S\000o\000c\000k\000e\000t\000\040\000P\000r\000o\000x\000y\000\051}{section.4.10}% 127
\BOOKMARK [2][-]{subsection.4.10.4}{\376\377\000D\000i\000f\000f\000i\000c\000u\000l\000t\000\351\000\040\0004\000\040\000:\000\040\000N\000o\000r\000m\000a\000l\000i\000s\000a\000t\000i\000o\000n\000\040\000H\000\351\000t\000\351\000r\000o\000g\000\350\000n\000e\000\040\000d\000e\000s\000\040\000S\000o\000r\000t\000i\000e\000s\000\040\000S\000c\000a\000n\000n\000e\000r\000s}{section.4.10}% 128
\BOOKMARK [2][-]{subsection.4.10.5}{\376\377\000D\000i\000f\000f\000i\000c\000u\000l\000t\000\351\000\040\0005\000\040\000:\000\040\000G\000e\000s\000t\000i\000o\000n\000\040\000d\000e\000\040\000l\000a\000\040\000C\000o\000n\000c\000u\000r\000r\000e\000n\000c\000e\000\040\000e\000t\000\040\000R\000\351\000s\000i\000l\000i\000e\000n\000c\000e\000\040\000d\000e\000s\000\040\000W\000o\000r\000k\000e\000r\000s\000\040\000R\000e\000d\000i\000s\000\040\000S\000t\000r\000e\000a\000m\000s}{section.4.10}% 129
\BOOKMARK [1][-]{section.4.11}{\376\377\000M\000a\000t\000r\000i\000c\000e\000\040\000d\000e\000\040\000T\000r\000a\000\347\000a\000b\000i\000l\000i\000t\000\351\000\040\000d\000e\000s\000\040\000E\000x\000i\000g\000e\000n\000c\000e\000s\000\040\000\050\000R\000T\000M\000\051}{chapter.4}% 130
\BOOKMARK [1][-]{section.4.12}{\376\377\000P\000r\000o\000t\000o\000c\000o\000l\000e\000\040\000E\000x\000p\000\351\000r\000i\000m\000e\000n\000t\000a\000l\000\040\000e\000t\000\040\000R\000\351\000s\000u\000l\000t\000a\000t\000s\000\040\000d\000e\000s\000\040\000T\000e\000s\000t\000s}{chapter.4}% 131
\BOOKMARK [2][-]{subsection.4.12.1}{\376\377\000P\000r\000o\000t\000o\000c\000o\000l\000e\000\040\000E\000x\000p\000\351\000r\000i\000m\000e\000n\000t\000a\000l}{section.4.12}% 132
\BOOKMARK [2][-]{subsection.4.12.2}{\376\377\000S\000y\000n\000t\000h\000\350\000s\000e\000\040\000d\000e\000s\000\040\000T\000e\000s\000t\000s\000\040\000A\000u\000t\000o\000m\000a\000t\000i\000s\000\351\000s\000\040\000\050\0001\0004\0000\000/\0001\0004\0000\000\040\000T\000e\000s\000t\000s\000\051}{section.4.12}% 133
\BOOKMARK [2][-]{subsection.4.12.3}{\376\377\000D\000\351\000t\000a\000i\000l\000\040\000d\000e\000s\000\040\000C\000a\000s\000\040\000d\000e\000\040\000T\000e\000s\000t\000s\000\040\000R\000e\000p\000r\000\351\000s\000e\000n\000t\000a\000t\000i\000f\000s}{section.4.12}% 134
\BOOKMARK [1][-]{section.4.13}{\376\377\000\311\000v\000a\000l\000u\000a\000t\000i\000o\000n\000\040\000d\000e\000s\000\040\000P\000e\000r\000f\000o\000r\000m\000a\000n\000c\000e\000s\000\040\000s\000o\000u\000s\000\040\000C\000h\000a\000r\000g\000e\000\040\000\050\000L\000o\000c\000u\000s\000t\000\051}{chapter.4}% 135
\BOOKMARK [2][-]{subsection.4.13.1}{\376\377\000C\000o\000n\000d\000i\000t\000i\000o\000n\000s\000\040\000d\000u\000\040\000B\000e\000n\000c\000h\000m\000a\000r\000k\000\040\000e\000t\000\040\000M\000\351\000t\000r\000i\000q\000u\000e\000s\000\040\000R\000e\000c\000u\000e\000i\000l\000l\000i\000e\000s}{section.4.13}% 136
\BOOKMARK [2][-]{subsection.4.13.2}{\376\377\000A\000n\000a\000l\000y\000s\000e\000\040\000A\000p\000p\000r\000o\000f\000o\000n\000d\000i\000e\000\040\000d\000e\000s\000\040\000\311\000c\000a\000r\000t\000s\000\040\000d\000e\000\040\000L\000a\000t\000e\000n\000c\000e}{section.4.13}% 137
\BOOKMARK [1][-]{section.4.14}{\376\377\000C\000o\000n\000f\000o\000r\000m\000i\000t\000\351\000\040\000a\000u\000\040\000C\000a\000h\000i\000e\000r\000\040\000d\000e\000s\000\040\000C\000h\000a\000r\000g\000e\000s\000\040\000\050\000C\000D\000C\000\051}{chapter.4}% 138
\BOOKMARK [1][-]{section.4.15}{\376\377\000D\000i\000s\000c\000u\000s\000s\000i\000o\000n\000\040\000A\000p\000p\000r\000o\000f\000o\000n\000d\000i\000e\000\040\000d\000e\000s\000\040\000R\000\351\000s\000u\000l\000t\000a\000t\000s}{chapter.4}% 139
\BOOKMARK [1][-]{section.4.16}{\376\377\000L\000i\000m\000i\000t\000e\000s\000\040\000d\000u\000\040\000S\000y\000s\000t\000\350\000m\000e}{chapter.4}% 140
\BOOKMARK [0][-]{chapter*.80}{\376\377\000C\000o\000n\000c\000l\000u\000s\000i\000o\000n\000\040\000G\000\351\000n\000\351\000r\000a\000l\000e\000\040\000e\000t\000\040\000P\000e\000r\000s\000p\000e\000c\000t\000i\000v\000e\000s}{}% 141
\BOOKMARK [0][-]{chapter*.81}{\376\377\000A\000n\000n\000e\000x\000e\000\040\000A\000\040\000:\000\040\000C\000a\000t\000a\000l\000o\000g\000u\000e\000\040\000d\000e\000\040\000l\000'\000A\000P\000I\000\040\000R\000E\000S\000T\000f\000u\000l}{}% 142
\BOOKMARK [0][-]{chapter*.83}{\376\377\000A\000n\000n\000e\000x\000e\000\040\000B\000\040\000:\000\040\000A\000r\000t\000\351\000f\000a\000c\000t\000s\000\040\000D\000e\000v\000S\000e\000c\000O\000p\000s}{}% 143
\BOOKMARK [0][-]{chapter*.84}{\376\377\000A\000n\000n\000e\000x\000e\000\040\000C\000\040\000:\000\040\000N\000g\000i\000n\000x\000\040\000e\000t\000\040\000R\000e\000q\000u\000\352\000t\000e\000s\000\040\000o\000p\000e\000n\000C\000y\000p\000h\000e\000r}{}% 144
\BOOKMARK [0][-]{chapter*.85}{\376\377\000B\000i\000b\000l\000i\000o\000g\000r\000a\000p\000h\000i\000e\000\040\000e\000t\000\040\000W\000e\000b\000o\000g\000r\000a\000p\000h\000i\000e}{}% 145
